Name: Double Pendulum Time PINN
Using device: cpu
GPU: None
CPU threads: 1
Data file: /Users/kien-macbook/Desktop/Github-Kien/PINNs/Double-Pendulum/double_pendulum_data.dat
Data stop: 300
Data step: 30
Physics points: 512
Network width: 128
Hidden layers: 6
Learning rate: 0.0005
Lambda data: 1000.0
Lambda physics: 1000.0
Lambda initial: 500.0
Lambda energy: 1.0
Maximum epochs: 30000
Epoch: 30000
Runtime: 00:02:58
Loss: 2.750386e-02
Data loss: 8.314165e-06
Physics loss: 1.905282e-05
Initial loss: 0.000000e+00
Energy loss: 1.368794e-04
R2 theta1: 0.952261
R2 theta2: 0.954070
R2 mean: 0.953165
