Name: Double Pendulum Time PINN
Using device: cpu
GPU: None
CPU threads: 4
Data file: /Users/kien-macbook/Desktop/Github-Kien/PINNs/Double-Pendulum/double_pendulum_data.dat
Data stop: 300
Data step: 30
Physics points: 512
Network width: 128
Network depth: 4
Learning rate: 0.0002
Lambda data: 1000.0
Lambda physics: 1000.0
Maximum epochs: 50000
Epoch: 50000
Runtime: 00:01:14
Loss: 2.292500e-02
Data loss: 1.481968e-06
Physics loss: 2.144303e-05
R2 theta1: 0.997422
R2 theta2: 0.997704
R2 mean: 0.997563
R2 theta1 extrapolation: 0.996957
R2 theta2 extrapolation: 0.997244
R2 extrapolation mean: 0.997101
