Name: Double Pendulum Time PINN
Using device: cpu
GPU: None
CPU threads: 4
Data file: /Users/kien-macbook/Desktop/Github-Kien/PINNs/Double-Pendulum/double_pendulum_data.dat
Data stop: 1000
Data step: 50
Physics points: 512
Network width: 128
Network depth: 4
Learning rate: 0.0002
Lambda data: 1000.0
Lambda physics: 1000.0
Maximum epochs: 100000
Epoch: 100000
Runtime: 00:02:40
Loss: 3.189681e+00
Data loss: 2.514486e-04
Physics loss: 2.938232e-03
R2 theta1: -1.907652
R2 theta2: 0.583475
R2 mean: -0.662089
R2 theta1 extrapolation: -3.335478
R2 theta2 extrapolation: -0.680254
R2 extrapolation mean: -2.007866
