Name: Double Pendulum Fourier PINN
Using device: cpu
Thread: 4
Data_total: 3001
Active Fourier modes: 192
Fourier period factor: 2
Maximum angular frequency: 20.0
data_stop: 300
data_step: 30
m1: 1.0
m2: 1.0
l1: 1.0
l2: 1.0
g: 10.0
Learning rate network: 0.0001
Learning rate spectrum: 0.0002
Lambda data: 1000.0
Lambda physics: 1000.0
Lambda initial: 500.0
Lambda energy: 1.0
Warmup epochs: 0
Physics ramp epochs: 1
Epoch: 1000
Loss: 5.858333e+00
R2 theta1: 0.339834
R2 theta2: 0.340877
R2 mean: 0.340356
Runtime: 00:00:05
