Name: Double Pendulum Time PINN
Using device: cpu
GPU: None
CPU threads: 1
Data file: /Users/kien-macbook/Desktop/Github-Kien/PINNs/Double-Pendulum/double_pendulum_data.dat
Data stop: 300
Data step: 30
Physics points: 1024
Network width: 128
Hidden layers: 6
Learning rate: 0.0003
Lambda data: 1000.0
Lambda physics: 1000.0
Maximum epochs: 30000
Epoch: 30000
Runtime: 00:01:51
Loss: 6.076927e-02
Data loss: 4.251650e-07
Physics loss: 6.034410e-05
R2 theta1: 0.104835
R2 theta2: 0.104898
R2 mean: 0.104867
R2 theta1 extrapolation: 0.047085
R2 theta2 extrapolation: 0.040990
R2 extrapolation mean: 0.044037
