Name: Double Pendulum Windowed Sine-feature PINN
Method: fixed sine-feature PINN; Levenberg-Marquardt; sequential windows
Data file: /Users/kien-macbook/Desktop/Github-Kien/PINNs/Double-Pendulum/double_pendulum_data.dat
Observed through: 4.99 s
Prediction end: 20.0 s
Data step: 10
Training samples: 51
Observation intervals per window: 1
Forecast evaluation interval: (4.99, 20.0] s
Seed: 0
Precision: torch.float64
Feature count: 16
Retained feature rank: 13
Forecast window: 0.025
Physics points: 33
Independent validation points: 66
Physics tolerance: 1e-10
Maximum evaluations per window: 200
Completed windows: 651
Training runtime: 00:00:04
Observed R2 theta1: 1.000000000
Observed R2 theta2: 1.000000000
R2 theta1 extrapolation: 0.680487661
R2 theta2 extrapolation: 0.002482432
Future reference labels are used for evaluation/plots only.
Observed windows assimilate measured boundary angles and estimate velocities.
Forecast boundaries inherit all four predicted state components, without measurement resets.

window start end observed evaluations data_loss validation_physics_loss optimizer_status
1 0.00000000 0.10000000 1 6 0.000000e+00 7.811153e-24 3
2 0.10000000 0.20000000 1 5 0.000000e+00 7.474731e-24 3
3 0.20000000 0.30000000 1 5 0.000000e+00 7.117907e-24 3
4 0.30000000 0.40000000 1 6 0.000000e+00 1.159659e-23 3
5 0.40000000 0.50000000 1 6 0.000000e+00 5.484738e-23 3
6 0.50000000 0.60000000 1 5 7.703720e-34 8.355933e-23 3
7 0.60000000 0.70000000 1 6 3.081488e-33 4.749747e-23 3
8 0.70000000 0.80000000 1 6 3.081488e-33 4.566251e-23 3
9 0.80000000 0.90000000 1 6 0.000000e+00 1.443412e-22 3
10 0.90000000 1.00000000 1 6 0.000000e+00 6.621998e-18 3
11 1.00000000 1.10000000 1 6 2.429598e-26 4.304624e-13 3
12 1.10000000 1.20000000 1 6 3.081488e-33 6.414781e-18 3
13 1.20000000 1.30000000 1 6 7.703720e-34 1.636838e-22 3
14 1.30000000 1.40000000 1 6 1.733337e-33 6.672126e-23 3
15 1.40000000 1.50000000 1 6 1.309632e-32 9.630921e-22 3
16 1.50000000 1.60000000 1 6 8.091987e-30 1.702633e-14 3
17 1.60000000 1.70000000 1 7 3.137777e-17 1.949169e-08 4
18 1.70000000 1.80000000 1 6 1.309632e-32 3.923637e-17 3
19 1.80000000 1.90000000 1 6 4.814825e-35 6.091142e-22 3
20 1.90000000 2.00000000 1 6 7.703720e-34 1.786878e-22 3
21 2.00000000 2.10000000 1 6 0.000000e+00 4.324428e-22 3
22 2.10000000 2.20000000 1 6 0.000000e+00 2.375881e-17 3
23 2.20000000 2.30000000 1 6 2.902269e-27 1.737604e-13 3
24 2.30000000 2.40000000 1 6 0.000000e+00 5.263548e-19 3
25 2.40000000 2.50000000 1 6 3.081488e-33 3.469344e-23 3
26 2.50000000 2.60000000 1 6 0.000000e+00 3.192535e-23 3
27 2.60000000 2.70000000 1 6 5.825938e-33 3.063025e-23 3
28 2.70000000 2.80000000 1 6 0.000000e+00 1.220054e-22 3
29 2.80000000 2.90000000 1 5 0.000000e+00 1.076510e-22 3
30 2.90000000 3.00000000 1 6 1.232595e-32 4.000552e-23 3
31 3.00000000 3.10000000 1 5 0.000000e+00 3.924040e-23 3
32 3.10000000 3.20000000 1 5 0.000000e+00 3.698576e-23 3
33 3.20000000 3.30000000 1 5 0.000000e+00 1.802635e-23 3
34 3.30000000 3.40000000 1 5 0.000000e+00 7.210050e-24 3
35 3.40000000 3.50000000 1 5 3.081488e-33 8.078410e-24 3
36 3.50000000 3.60000000 1 5 7.703720e-34 1.109037e-23 3
37 3.60000000 3.70000000 1 6 0.000000e+00 8.096156e-24 3
38 3.70000000 3.80000000 1 6 9.750020e-34 1.913224e-23 3
39 3.80000000 3.90000000 1 6 1.925930e-34 1.988644e-23 3
40 3.90000000 4.00000000 1 6 4.930381e-30 5.618873e-15 3
41 4.00000000 4.10000000 1 9 4.156578e-17 5.532804e-08 3
42 4.10000000 4.20000000 1 6 3.468600e-31 2.594869e-15 3
43 4.20000000 4.30000000 1 6 1.232595e-32 4.386142e-22 3
44 4.30000000 4.40000000 1 6 2.465190e-32 2.356851e-22 3
45 4.40000000 4.50000000 1 6 4.333342e-34 2.901182e-22 3
46 4.50000000 4.60000000 1 6 1.109336e-29 9.399890e-15 3
47 4.60000000 4.70000000 1 7 1.610810e-19 2.365593e-08 3
48 4.70000000 4.80000000 1 6 6.162976e-32 1.065203e-15 3
49 4.80000000 4.90000000 1 6 0.000000e+00 5.442397e-22 3
50 4.90000000 4.99000000 1 6 0.000000e+00 4.038447e-22 3
51 4.99000000 5.01500000 0 5 0.000000e+00 2.430912e-23 3
52 5.01500000 5.04000000 0 5 0.000000e+00 2.355157e-23 3
53 5.04000000 5.06500000 0 5 0.000000e+00 1.928538e-23 3
54 5.06500000 5.09000000 0 5 0.000000e+00 1.693536e-23 3
55 5.09000000 5.11500000 0 5 0.000000e+00 1.982317e-23 3
56 5.11500000 5.14000000 0 5 0.000000e+00 2.431669e-23 3
57 5.14000000 5.16500000 0 5 0.000000e+00 2.594517e-23 3
58 5.16500000 5.19000000 0 5 0.000000e+00 2.431448e-23 3
59 5.19000000 5.21500000 0 5 0.000000e+00 2.134857e-23 3
60 5.21500000 5.24000000 0 5 0.000000e+00 1.918871e-23 3
61 5.24000000 5.26500000 0 5 0.000000e+00 1.939524e-23 3
62 5.26500000 5.29000000 0 5 0.000000e+00 1.624633e-23 3
63 5.29000000 5.31500000 0 5 0.000000e+00 1.876064e-22 3
64 5.31500000 5.34000000 0 6 0.000000e+00 3.064010e-19 3
65 5.34000000 5.36500000 0 6 0.000000e+00 3.643714e-20 3
66 5.36500000 5.39000000 0 6 0.000000e+00 2.329843e-21 3
67 5.39000000 5.41500000 0 5 0.000000e+00 3.379332e-22 3
68 5.41500000 5.44000000 0 5 0.000000e+00 7.485915e-22 3
69 5.44000000 5.46500000 0 5 0.000000e+00 3.692867e-22 3
70 5.46500000 5.49000000 0 5 0.000000e+00 1.749355e-22 3
71 5.49000000 5.51500000 0 5 0.000000e+00 9.767839e-23 3
72 5.51500000 5.54000000 0 5 0.000000e+00 6.915194e-23 3
73 5.54000000 5.56500000 0 5 0.000000e+00 6.542950e-23 3
74 5.56500000 5.59000000 0 5 0.000000e+00 7.749771e-23 3
75 5.59000000 5.61500000 0 5 0.000000e+00 9.737164e-23 3
76 5.61500000 5.64000000 0 5 0.000000e+00 1.135040e-22 3
77 5.64000000 5.66500000 0 5 0.000000e+00 1.155351e-22 3
78 5.66500000 5.69000000 0 5 0.000000e+00 1.024902e-22 3
79 5.69000000 5.71500000 0 5 0.000000e+00 8.283725e-23 3
80 5.71500000 5.74000000 0 5 0.000000e+00 6.559583e-23 3
81 5.74000000 5.76500000 0 5 0.000000e+00 5.420925e-23 3
82 5.76500000 5.79000000 0 5 0.000000e+00 4.797723e-23 3
83 5.79000000 5.81500000 0 5 0.000000e+00 4.560173e-23 3
84 5.81500000 5.84000000 0 5 0.000000e+00 4.652684e-23 3
85 5.84000000 5.86500000 0 5 0.000000e+00 5.047256e-23 3
86 5.86500000 5.89000000 0 5 0.000000e+00 5.637091e-23 3
87 5.89000000 5.91500000 0 5 0.000000e+00 6.201775e-23 3
88 5.91500000 5.94000000 0 5 0.000000e+00 6.498573e-23 3
89 5.94000000 5.96500000 0 5 0.000000e+00 6.400257e-23 3
90 5.96500000 5.99000000 0 5 0.000000e+00 5.985538e-23 3
91 5.99000000 6.01500000 0 5 0.000000e+00 5.539332e-23 3
92 6.01500000 6.04000000 0 5 0.000000e+00 4.905461e-23 3
93 6.04000000 6.06500000 0 5 0.000000e+00 8.663943e-23 3
94 6.06500000 6.09000000 0 6 0.000000e+00 2.612161e-21 3
95 6.09000000 6.11500000 0 6 0.000000e+00 2.146991e-19 3
96 6.11500000 6.14000000 0 6 0.000000e+00 3.307311e-21 3
97 6.14000000 6.16500000 0 5 0.000000e+00 1.821087e-22 3
98 6.16500000 6.19000000 0 5 0.000000e+00 7.021735e-22 3
99 6.19000000 6.21500000 0 5 0.000000e+00 4.098722e-22 3
100 6.21500000 6.24000000 0 5 0.000000e+00 2.090080e-22 3
101 6.24000000 6.26500000 0 5 0.000000e+00 1.314258e-22 3
102 6.26500000 6.29000000 0 5 0.000000e+00 1.068573e-22 3
103 6.29000000 6.31500000 0 5 0.000000e+00 1.035953e-22 3
104 6.31500000 6.34000000 0 5 0.000000e+00 1.057504e-22 3
105 6.34000000 6.36500000 0 5 0.000000e+00 1.041542e-22 3
106 6.36500000 6.39000000 0 5 0.000000e+00 9.563890e-23 3
107 6.39000000 6.41500000 0 5 0.000000e+00 8.259804e-23 3
108 6.41500000 6.44000000 0 5 0.000000e+00 6.977366e-23 3
109 6.44000000 6.46500000 0 5 0.000000e+00 6.050674e-23 3
110 6.46500000 6.49000000 0 5 0.000000e+00 5.540176e-23 3
111 6.49000000 6.51500000 0 5 0.000000e+00 5.328198e-23 3
112 6.51500000 6.54000000 0 5 0.000000e+00 5.260091e-23 3
113 6.54000000 6.56500000 0 5 0.000000e+00 5.215356e-23 3
114 6.56500000 6.59000000 0 5 0.000000e+00 5.117650e-23 3
115 6.59000000 6.61500000 0 5 0.000000e+00 4.928134e-23 3
116 6.61500000 6.64000000 0 5 0.000000e+00 4.633454e-23 3
117 6.64000000 6.66500000 0 5 0.000000e+00 4.242312e-23 3
118 6.66500000 6.69000000 0 5 0.000000e+00 3.780565e-23 3
119 6.69000000 6.71500000 0 5 0.000000e+00 3.283158e-23 3
120 6.71500000 6.74000000 0 5 0.000000e+00 2.786305e-23 3
121 6.74000000 6.76500000 0 5 0.000000e+00 2.320197e-23 3
122 6.76500000 6.79000000 0 5 0.000000e+00 1.905385e-23 3
123 6.79000000 6.81500000 0 5 0.000000e+00 1.552319e-23 3
124 6.81500000 6.84000000 0 5 0.000000e+00 1.262469e-23 3
125 6.84000000 6.86500000 0 5 0.000000e+00 1.031879e-23 3
126 6.86500000 6.89000000 0 5 0.000000e+00 8.530748e-24 3
127 6.89000000 6.91500000 0 5 0.000000e+00 7.175371e-24 3
128 6.91500000 6.94000000 0 5 0.000000e+00 6.169670e-24 3
129 6.94000000 6.96500000 0 5 0.000000e+00 5.439419e-24 3
130 6.96500000 6.99000000 0 5 0.000000e+00 4.923907e-24 3
131 6.99000000 7.01500000 0 5 0.000000e+00 4.574914e-24 3
132 7.01500000 7.04000000 0 5 0.000000e+00 4.357846e-24 3
133 7.04000000 7.06500000 0 5 0.000000e+00 4.249777e-24 3
134 7.06500000 7.09000000 0 5 0.000000e+00 4.238272e-24 3
135 7.09000000 7.11500000 0 5 0.000000e+00 4.319748e-24 3
136 7.11500000 7.14000000 0 5 0.000000e+00 4.492923e-24 3
137 7.14000000 7.16500000 0 5 0.000000e+00 4.750078e-24 3
138 7.16500000 7.19000000 0 5 0.000000e+00 5.057407e-24 3
139 7.19000000 7.21500000 0 5 0.000000e+00 5.341695e-24 3
140 7.21500000 7.24000000 0 5 0.000000e+00 5.523390e-24 3
141 7.24000000 7.26500000 0 5 0.000000e+00 5.633996e-24 3
142 7.26500000 7.29000000 0 5 0.000000e+00 5.941323e-24 3
143 7.29000000 7.31500000 0 5 0.000000e+00 6.838631e-24 3
144 7.31500000 7.34000000 0 5 0.000000e+00 8.410725e-24 3
145 7.34000000 7.36500000 0 5 0.000000e+00 1.012049e-23 3
146 7.36500000 7.39000000 0 5 0.000000e+00 1.114796e-23 3
147 7.39000000 7.41500000 0 5 0.000000e+00 1.108853e-23 3
148 7.41500000 7.44000000 0 5 0.000000e+00 1.019049e-23 3
149 7.44000000 7.46500000 0 5 0.000000e+00 9.002189e-24 3
150 7.46500000 7.49000000 0 5 0.000000e+00 7.905902e-24 3
151 7.49000000 7.51500000 0 5 0.000000e+00 6.950993e-24 3
152 7.51500000 7.54000000 0 5 0.000000e+00 6.149160e-24 3
153 7.54000000 7.56500000 0 5 0.000000e+00 6.273553e-24 3
154 7.56500000 7.59000000 0 5 0.000000e+00 5.360878e-24 3
155 7.59000000 7.61500000 0 5 0.000000e+00 4.205071e-23 3
156 7.61500000 7.64000000 0 6 0.000000e+00 3.810632e-21 3
157 7.64000000 7.66500000 0 6 0.000000e+00 1.744010e-19 3
158 7.66500000 7.69000000 0 6 0.000000e+00 1.305176e-22 3
159 7.69000000 7.71500000 0 6 0.000000e+00 1.230928e-22 3
160 7.71500000 7.74000000 0 5 0.000000e+00 6.474764e-22 3
161 7.74000000 7.76500000 0 5 0.000000e+00 4.401598e-22 3
162 7.76500000 7.79000000 0 5 0.000000e+00 2.221289e-22 3
163 7.79000000 7.81500000 0 5 0.000000e+00 1.261334e-22 3
164 7.81500000 7.84000000 0 5 0.000000e+00 8.580752e-23 3
165 7.84000000 7.86500000 0 5 0.000000e+00 7.006989e-23 3
166 7.86500000 7.89000000 0 5 0.000000e+00 6.620305e-23 3
167 7.89000000 7.91500000 0 5 0.000000e+00 6.731777e-23 3
168 7.91500000 7.94000000 0 5 0.000000e+00 6.825613e-23 3
169 7.94000000 7.96500000 0 5 0.000000e+00 6.556890e-23 3
170 7.96500000 7.99000000 0 5 0.000000e+00 5.856967e-23 3
171 7.99000000 8.01500000 0 5 0.000000e+00 4.912691e-23 3
172 8.01500000 8.04000000 0 5 0.000000e+00 3.988473e-23 3
173 8.04000000 8.06500000 0 5 0.000000e+00 3.259279e-23 3
174 8.06500000 8.09000000 0 5 0.000000e+00 2.764747e-23 3
175 8.09000000 8.11500000 0 5 0.000000e+00 2.459185e-23 3
176 8.11500000 8.14000000 0 5 0.000000e+00 2.273017e-23 3
177 8.14000000 8.16500000 0 5 0.000000e+00 2.151871e-23 3
178 8.16500000 8.19000000 0 5 0.000000e+00 2.062180e-23 3
179 8.19000000 8.21500000 0 5 0.000000e+00 1.987904e-23 3
180 8.21500000 8.24000000 0 5 0.000000e+00 1.923085e-23 3
181 8.24000000 8.26500000 0 5 0.000000e+00 1.865614e-23 3
182 8.26500000 8.29000000 0 5 0.000000e+00 1.813792e-23 3
183 8.29000000 8.31500000 0 5 0.000000e+00 1.764223e-23 3
184 8.31500000 8.34000000 0 5 0.000000e+00 1.711817e-23 3
185 8.34000000 8.36500000 0 5 0.000000e+00 1.651454e-23 3
186 8.36500000 8.39000000 0 5 0.000000e+00 1.578784e-23 3
187 8.39000000 8.41500000 0 5 0.000000e+00 1.492144e-23 3
188 8.41500000 8.44000000 0 5 0.000000e+00 1.392727e-23 3
189 8.44000000 8.46500000 0 5 0.000000e+00 1.284097e-23 3
190 8.46500000 8.49000000 0 5 0.000000e+00 1.171300e-23 3
191 8.49000000 8.51500000 0 5 0.000000e+00 1.059376e-23 3
192 8.51500000 8.54000000 0 5 0.000000e+00 9.530267e-24 3
193 8.54000000 8.56500000 0 5 0.000000e+00 8.555094e-24 3
194 8.56500000 8.59000000 0 5 0.000000e+00 7.689565e-24 3
195 8.59000000 8.61500000 0 5 0.000000e+00 6.944061e-24 3
196 8.61500000 8.64000000 0 5 0.000000e+00 6.320949e-24 3
197 8.64000000 8.66500000 0 5 0.000000e+00 5.817538e-24 3
198 8.66500000 8.69000000 0 5 0.000000e+00 5.428188e-24 3
199 8.69000000 8.71500000 0 5 0.000000e+00 5.142804e-24 3
200 8.71500000 8.74000000 0 5 0.000000e+00 4.955102e-24 3
201 8.74000000 8.76500000 0 5 0.000000e+00 4.854880e-24 3
202 8.76500000 8.79000000 0 5 0.000000e+00 4.836328e-24 3
203 8.79000000 8.81500000 0 5 0.000000e+00 4.888779e-24 3
204 8.81500000 8.84000000 0 5 0.000000e+00 5.004604e-24 3
205 8.84000000 8.86500000 0 5 0.000000e+00 5.172704e-24 3
206 8.86500000 8.89000000 0 5 0.000000e+00 5.380404e-24 3
207 8.89000000 8.91500000 0 5 0.000000e+00 5.613858e-24 3
208 8.91500000 8.94000000 0 5 0.000000e+00 5.860275e-24 3
209 8.94000000 8.96500000 0 5 0.000000e+00 6.105768e-24 3
210 8.96500000 8.99000000 0 5 0.000000e+00 6.347851e-24 3
211 8.99000000 9.01500000 0 5 0.000000e+00 6.592116e-24 3
212 9.01500000 9.04000000 0 5 0.000000e+00 6.861672e-24 3
213 9.04000000 9.06500000 0 5 0.000000e+00 7.192677e-24 3
214 9.06500000 9.09000000 0 5 0.000000e+00 7.617770e-24 3
215 9.09000000 9.11500000 0 5 0.000000e+00 8.140263e-24 3
216 9.11500000 9.14000000 0 5 0.000000e+00 8.692381e-24 3
217 9.14000000 9.16500000 0 5 0.000000e+00 9.134316e-24 3
218 9.16500000 9.19000000 0 5 0.000000e+00 9.493770e-24 3
219 9.19000000 9.21500000 0 5 0.000000e+00 1.145644e-23 3
220 9.21500000 9.24000000 0 5 0.000000e+00 3.061892e-23 3
221 9.24000000 9.26500000 0 5 0.000000e+00 1.453007e-22 3
222 9.26500000 9.29000000 0 5 0.000000e+00 5.499245e-22 3
223 9.29000000 9.31500000 0 5 0.000000e+00 6.204572e-22 3
224 9.31500000 9.34000000 0 6 0.000000e+00 3.104308e-22 3
225 9.34000000 9.36500000 0 5 0.000000e+00 6.177924e-23 3
226 9.36500000 9.39000000 0 5 0.000000e+00 2.252417e-22 3
227 9.39000000 9.41500000 0 5 0.000000e+00 2.357426e-22 3
228 9.41500000 9.44000000 0 5 0.000000e+00 1.797939e-22 3
229 9.44000000 9.46500000 0 5 0.000000e+00 1.446115e-22 3
230 9.46500000 9.49000000 0 5 0.000000e+00 1.279727e-22 3
231 9.49000000 9.51500000 0 5 0.000000e+00 1.186582e-22 3
232 9.51500000 9.54000000 0 5 0.000000e+00 1.091229e-22 3
233 9.54000000 9.56500000 0 5 0.000000e+00 9.646747e-23 3
234 9.56500000 9.59000000 0 5 0.000000e+00 8.179696e-23 3
235 9.59000000 9.61500000 0 5 0.000000e+00 6.825671e-23 3
236 9.61500000 9.64000000 0 5 0.000000e+00 5.837132e-23 3
237 9.64000000 9.66500000 0 5 0.000000e+00 5.268379e-23 3
238 9.66500000 9.69000000 0 5 0.000000e+00 5.093721e-23 3
239 9.69000000 9.71500000 0 5 0.000000e+00 5.701355e-23 3
240 9.71500000 9.74000000 0 5 0.000000e+00 9.374961e-23 3
241 9.74000000 9.76500000 0 5 0.000000e+00 2.276125e-22 3
242 9.76500000 9.79000000 0 6 0.000000e+00 4.284171e-22 3
243 9.79000000 9.81500000 0 6 0.000000e+00 4.809236e-22 3
244 9.81500000 9.84000000 0 6 0.000000e+00 1.251185e-22 3
245 9.84000000 9.86500000 0 5 0.000000e+00 1.013916e-22 3
246 9.86500000 9.89000000 0 5 0.000000e+00 1.848439e-22 3
247 9.89000000 9.91500000 0 5 0.000000e+00 1.422859e-22 3
248 9.91500000 9.94000000 0 5 0.000000e+00 9.000940e-23 3
249 9.94000000 9.96500000 0 5 0.000000e+00 5.793722e-23 3
250 9.96500000 9.99000000 0 5 0.000000e+00 3.993869e-23 3
251 9.99000000 10.01500000 0 5 0.000000e+00 2.965314e-23 3
252 10.01500000 10.04000000 0 5 0.000000e+00 2.358951e-23 3
253 10.04000000 10.06500000 0 5 0.000000e+00 1.998495e-23 3
254 10.06500000 10.09000000 0 5 0.000000e+00 1.798980e-23 3
255 10.09000000 10.11500000 0 5 0.000000e+00 1.729312e-23 3
256 10.11500000 10.14000000 0 5 0.000000e+00 1.798439e-23 3
257 10.14000000 10.16500000 0 5 0.000000e+00 2.048036e-23 3
258 10.16500000 10.19000000 0 5 0.000000e+00 2.514450e-23 3
259 10.19000000 10.21500000 0 5 0.000000e+00 3.112665e-23 3
260 10.21500000 10.24000000 0 5 0.000000e+00 3.506802e-23 3
261 10.24000000 10.26500000 0 5 0.000000e+00 3.305783e-23 3
262 10.26500000 10.29000000 0 5 0.000000e+00 2.695113e-23 3
263 10.29000000 10.31500000 0 5 0.000000e+00 2.594371e-23 3
264 10.31500000 10.34000000 0 5 0.000000e+00 3.525172e-23 3
265 10.34000000 10.36500000 0 5 0.000000e+00 4.798979e-23 3
266 10.36500000 10.39000000 0 5 0.000000e+00 5.413043e-23 3
267 10.39000000 10.41500000 0 5 0.000000e+00 5.119639e-23 3
268 10.41500000 10.44000000 0 5 0.000000e+00 4.315925e-23 3
269 10.44000000 10.46500000 0 5 0.000000e+00 3.514898e-23 3
270 10.46500000 10.49000000 0 5 0.000000e+00 3.131834e-23 3
271 10.49000000 10.51500000 0 5 0.000000e+00 1.987689e-23 3
272 10.51500000 10.54000000 0 5 0.000000e+00 3.637442e-23 3
273 10.54000000 10.56500000 0 6 0.000000e+00 2.986056e-19 3
274 10.56500000 10.59000000 0 6 0.000000e+00 1.402058e-18 3
275 10.59000000 10.61500000 0 6 0.000000e+00 7.458446e-21 3
276 10.61500000 10.64000000 0 5 0.000000e+00 2.792949e-22 3
277 10.64000000 10.66500000 0 5 0.000000e+00 8.343090e-22 3
278 10.66500000 10.69000000 0 5 0.000000e+00 4.144055e-22 3
279 10.69000000 10.71500000 0 5 0.000000e+00 1.928218e-22 3
280 10.71500000 10.74000000 0 5 0.000000e+00 1.019029e-22 3
281 10.74000000 10.76500000 0 5 0.000000e+00 6.093827e-23 3
282 10.76500000 10.79000000 0 5 0.000000e+00 4.036241e-23 3
283 10.79000000 10.81500000 0 5 0.000000e+00 2.958343e-23 3
284 10.81500000 10.84000000 0 5 0.000000e+00 2.472966e-23 3
285 10.84000000 10.86500000 0 5 0.000000e+00 2.371048e-23 3
286 10.86500000 10.89000000 0 5 0.000000e+00 2.379602e-23 3
287 10.89000000 10.91500000 0 5 0.000000e+00 2.216575e-23 3
288 10.91500000 10.94000000 0 5 0.000000e+00 1.852539e-23 3
289 10.94000000 10.96500000 0 5 0.000000e+00 1.498220e-23 3
290 10.96500000 10.99000000 0 5 0.000000e+00 1.294947e-23 3
291 10.99000000 11.01500000 0 5 0.000000e+00 1.202976e-23 3
292 11.01500000 11.04000000 0 5 0.000000e+00 1.140082e-23 3
293 11.04000000 11.06500000 0 5 0.000000e+00 1.072871e-23 3
294 11.06500000 11.09000000 0 5 0.000000e+00 1.003823e-23 3
295 11.09000000 11.11500000 0 5 0.000000e+00 9.428908e-24 3
296 11.11500000 11.14000000 0 5 0.000000e+00 8.957380e-24 3
297 11.14000000 11.16500000 0 5 0.000000e+00 8.638158e-24 3
298 11.16500000 11.19000000 0 5 0.000000e+00 8.461403e-24 3
299 11.19000000 11.21500000 0 5 0.000000e+00 8.409939e-24 3
300 11.21500000 11.24000000 0 5 0.000000e+00 8.475850e-24 3
301 11.24000000 11.26500000 0 5 0.000000e+00 8.711229e-24 3
302 11.26500000 11.29000000 0 5 0.000000e+00 9.558797e-24 3
303 11.29000000 11.31500000 0 5 0.000000e+00 1.388337e-23 3
304 11.31500000 11.34000000 0 5 0.000000e+00 3.357534e-23 3
305 11.34000000 11.36500000 0 5 0.000000e+00 8.703221e-23 3
306 11.36500000 11.39000000 0 5 0.000000e+00 1.473249e-22 3
307 11.39000000 11.41500000 0 5 0.000000e+00 1.199301e-22 3
308 11.41500000 11.44000000 0 5 0.000000e+00 4.384545e-23 3
309 11.44000000 11.46500000 0 5 0.000000e+00 5.014578e-23 3
310 11.46500000 11.49000000 0 5 0.000000e+00 8.302557e-23 3
311 11.49000000 11.51500000 0 5 0.000000e+00 8.335818e-23 3
312 11.51500000 11.54000000 0 5 0.000000e+00 7.186454e-23 3
313 11.54000000 11.56500000 0 5 0.000000e+00 6.302897e-23 3
314 11.56500000 11.59000000 0 5 0.000000e+00 5.801041e-23 3
315 11.59000000 11.61500000 0 5 0.000000e+00 5.490242e-23 3
316 11.61500000 11.64000000 0 5 0.000000e+00 5.219825e-23 3
317 11.64000000 11.66500000 0 5 0.000000e+00 4.949971e-23 3
318 11.66500000 11.69000000 0 5 0.000000e+00 4.723967e-23 3
319 11.69000000 11.71500000 0 5 0.000000e+00 4.620451e-23 3
320 11.71500000 11.74000000 0 5 0.000000e+00 4.798548e-23 3
321 11.74000000 11.76500000 0 5 0.000000e+00 5.994267e-23 3
322 11.76500000 11.79000000 0 5 0.000000e+00 1.132767e-22 3
323 11.79000000 11.81500000 0 5 0.000000e+00 2.782955e-22 3
324 11.81500000 11.84000000 0 5 0.000000e+00 5.573294e-22 3
325 11.84000000 11.86500000 0 5 0.000000e+00 5.657593e-22 3
326 11.86500000 11.89000000 0 6 0.000000e+00 1.889797e-22 3
327 11.89000000 11.91500000 0 5 0.000000e+00 6.507367e-23 3
328 11.91500000 11.94000000 0 5 0.000000e+00 1.994925e-22 3
329 11.94000000 11.96500000 0 5 0.000000e+00 2.054146e-22 3
330 11.96500000 11.99000000 0 5 0.000000e+00 1.580054e-22 3
331 11.99000000 12.01500000 0 5 0.000000e+00 1.189960e-22 3
332 12.01500000 12.04000000 0 5 0.000000e+00 9.224562e-23 3
333 12.04000000 12.06500000 0 5 0.000000e+00 7.323167e-23 3
334 12.06500000 12.09000000 0 5 0.000000e+00 5.904393e-23 3
335 12.09000000 12.11500000 0 5 0.000000e+00 4.837559e-23 3
336 12.11500000 12.14000000 0 5 0.000000e+00 4.062559e-23 3
337 12.14000000 12.16500000 0 5 0.000000e+00 3.525881e-23 3
338 12.16500000 12.19000000 0 5 0.000000e+00 3.165627e-23 3
339 12.19000000 12.21500000 0 5 0.000000e+00 2.918730e-23 3
340 12.21500000 12.24000000 0 5 0.000000e+00 2.740914e-23 3
341 12.24000000 12.26500000 0 5 0.000000e+00 2.622287e-23 3
342 12.26500000 12.29000000 0 5 0.000000e+00 2.610609e-23 3
343 12.29000000 12.31500000 0 5 0.000000e+00 2.863697e-23 3
344 12.31500000 12.34000000 0 5 0.000000e+00 3.703783e-23 3
345 12.34000000 12.36500000 0 5 0.000000e+00 5.303790e-23 3
346 12.36500000 12.39000000 0 5 0.000000e+00 6.601210e-23 3
347 12.39000000 12.41500000 0 5 0.000000e+00 5.584125e-23 3
348 12.41500000 12.44000000 0 5 0.000000e+00 3.079708e-23 3
349 12.44000000 12.46500000 0 5 0.000000e+00 2.116457e-23 3
350 12.46500000 12.49000000 0 5 0.000000e+00 2.539104e-23 3
351 12.49000000 12.51500000 0 5 0.000000e+00 2.711479e-23 3
352 12.51500000 12.54000000 0 5 0.000000e+00 2.411985e-23 3
353 12.54000000 12.56500000 0 5 0.000000e+00 1.987411e-23 3
354 12.56500000 12.59000000 0 5 0.000000e+00 1.622930e-23 3
355 12.59000000 12.61500000 0 5 0.000000e+00 1.354969e-23 3
356 12.61500000 12.64000000 0 5 0.000000e+00 1.170751e-23 3
357 12.64000000 12.66500000 0 5 0.000000e+00 1.052491e-23 3
358 12.66500000 12.69000000 0 5 0.000000e+00 9.894424e-24 3
359 12.69000000 12.71500000 0 5 0.000000e+00 9.829292e-24 3
360 12.71500000 12.74000000 0 5 0.000000e+00 1.052457e-23 3
361 12.74000000 12.76500000 0 5 0.000000e+00 1.245606e-23 3
362 12.76500000 12.79000000 0 5 0.000000e+00 1.648829e-23 3
363 12.79000000 12.81500000 0 5 0.000000e+00 2.375964e-23 3
364 12.81500000 12.84000000 0 5 0.000000e+00 3.489796e-23 3
365 12.84000000 12.86500000 0 5 0.000000e+00 4.861225e-23 3
366 12.86500000 12.89000000 0 5 0.000000e+00 6.072331e-23 3
367 12.89000000 12.91500000 0 5 0.000000e+00 6.563122e-23 3
368 12.91500000 12.94000000 0 5 0.000000e+00 6.027079e-23 3
369 12.94000000 12.96500000 0 5 0.000000e+00 4.668368e-23 3
370 12.96500000 12.99000000 0 5 0.000000e+00 3.115224e-23 3
371 12.99000000 13.01500000 0 5 0.000000e+00 2.043945e-23 3
372 13.01500000 13.04000000 0 5 0.000000e+00 1.797946e-23 3
373 13.04000000 13.06500000 0 5 0.000000e+00 2.274929e-23 3
374 13.06500000 13.09000000 0 5 0.000000e+00 3.052360e-23 3
375 13.09000000 13.11500000 0 5 0.000000e+00 3.672500e-23 3
376 13.11500000 13.14000000 0 5 0.000000e+00 3.870789e-23 3
377 13.14000000 13.16500000 0 5 0.000000e+00 3.644372e-23 3
378 13.16500000 13.19000000 0 5 0.000000e+00 3.148895e-23 3
379 13.19000000 13.21500000 0 5 0.000000e+00 2.564960e-23 3
380 13.21500000 13.24000000 0 5 0.000000e+00 2.018444e-23 3
381 13.24000000 13.26500000 0 5 0.000000e+00 1.567825e-23 3
382 13.26500000 13.29000000 0 5 0.000000e+00 1.223427e-23 3
383 13.29000000 13.31500000 0 5 0.000000e+00 9.726102e-24 3
384 13.31500000 13.34000000 0 5 0.000000e+00 7.945673e-24 3
385 13.34000000 13.36500000 0 5 0.000000e+00 6.705386e-24 3
386 13.36500000 13.39000000 0 5 0.000000e+00 5.850066e-24 3
387 13.39000000 13.41500000 0 5 0.000000e+00 5.266678e-24 3
388 13.41500000 13.44000000 0 5 0.000000e+00 4.875162e-24 3
389 13.44000000 13.46500000 0 5 0.000000e+00 4.619305e-24 3
390 13.46500000 13.49000000 0 5 0.000000e+00 4.460337e-24 3
391 13.49000000 13.51500000 0 5 0.000000e+00 4.369970e-24 3
392 13.51500000 13.54000000 0 5 0.000000e+00 4.328778e-24 3
393 13.54000000 13.56500000 0 5 0.000000e+00 4.324092e-24 3
394 13.56500000 13.59000000 0 5 0.000000e+00 4.348474e-24 3
395 13.59000000 13.61500000 0 5 0.000000e+00 4.402676e-24 3
396 13.61500000 13.64000000 0 5 0.000000e+00 4.492219e-24 3
397 13.64000000 13.66500000 0 5 0.000000e+00 4.631484e-24 3
398 13.66500000 13.69000000 0 5 0.000000e+00 4.841157e-24 3
399 13.69000000 13.71500000 0 5 0.000000e+00 5.145820e-24 3
400 13.71500000 13.74000000 0 5 0.000000e+00 5.575462e-24 3
401 13.74000000 13.76500000 0 5 0.000000e+00 6.157710e-24 3
402 13.76500000 13.79000000 0 5 0.000000e+00 6.914226e-24 3
403 13.79000000 13.81500000 0 5 0.000000e+00 7.854646e-24 3
404 13.81500000 13.84000000 0 5 0.000000e+00 8.967535e-24 3
405 13.84000000 13.86500000 0 5 0.000000e+00 1.022287e-23 3
406 13.86500000 13.89000000 0 5 0.000000e+00 1.156279e-23 3
407 13.89000000 13.91500000 0 5 0.000000e+00 1.292724e-23 3
408 13.91500000 13.94000000 0 5 0.000000e+00 1.427192e-23 3
409 13.94000000 13.96500000 0 5 0.000000e+00 1.566065e-23 3
410 13.96500000 13.99000000 0 5 0.000000e+00 1.748534e-23 3
411 13.99000000 14.01500000 0 5 0.000000e+00 2.131142e-23 3
412 14.01500000 14.04000000 0 5 0.000000e+00 3.263025e-23 3
413 14.04000000 14.06500000 0 5 0.000000e+00 6.583607e-23 3
414 14.06500000 14.09000000 0 5 0.000000e+00 1.356397e-22 3
415 14.09000000 14.11500000 0 5 0.000000e+00 2.039017e-22 3
416 14.11500000 14.14000000 0 5 0.000000e+00 1.679031e-22 3
417 14.14000000 14.16500000 0 5 0.000000e+00 6.385056e-23 3
418 14.16500000 14.19000000 0 5 0.000000e+00 4.756246e-23 3
419 14.19000000 14.21500000 0 5 0.000000e+00 8.991260e-23 3
420 14.21500000 14.24000000 0 5 0.000000e+00 1.077274e-22 3
421 14.24000000 14.26500000 0 5 0.000000e+00 1.031332e-22 3
422 14.26500000 14.29000000 0 5 0.000000e+00 9.315819e-23 3
423 14.29000000 14.31500000 0 5 0.000000e+00 8.450109e-23 3
424 14.31500000 14.34000000 0 5 0.000000e+00 7.958422e-23 3
425 14.34000000 14.36500000 0 5 0.000000e+00 8.074536e-23 3
426 14.36500000 14.39000000 0 5 0.000000e+00 9.274832e-23 3
427 14.39000000 14.41500000 0 5 0.000000e+00 1.236996e-22 3
428 14.41500000 14.44000000 0 5 0.000000e+00 1.758523e-22 3
429 14.44000000 14.46500000 0 6 0.000000e+00 2.165624e-22 3
430 14.46500000 14.49000000 0 5 0.000000e+00 1.765159e-22 3
431 14.49000000 14.51500000 0 5 0.000000e+00 7.119132e-23 3
432 14.51500000 14.54000000 0 5 0.000000e+00 2.609863e-23 3
433 14.54000000 14.56500000 0 5 0.000000e+00 5.372930e-23 3
434 14.56500000 14.59000000 0 5 0.000000e+00 7.491383e-23 3
435 14.59000000 14.61500000 0 5 0.000000e+00 7.141810e-23 3
436 14.61500000 14.64000000 0 5 0.000000e+00 5.878318e-23 3
437 14.64000000 14.66500000 0 5 0.000000e+00 4.626327e-23 3
438 14.66500000 14.69000000 0 5 0.000000e+00 3.625940e-23 3
439 14.69000000 14.71500000 0 5 0.000000e+00 2.877539e-23 3
440 14.71500000 14.74000000 0 5 0.000000e+00 2.329827e-23 3
441 14.74000000 14.76500000 0 5 0.000000e+00 1.931309e-23 3
442 14.76500000 14.79000000 0 5 0.000000e+00 1.638829e-23 3
443 14.79000000 14.81500000 0 5 0.000000e+00 1.420158e-23 3
444 14.81500000 14.84000000 0 5 0.000000e+00 1.251760e-23 3
445 14.84000000 14.86500000 0 5 0.000000e+00 1.117394e-23 3
446 14.86500000 14.89000000 0 5 0.000000e+00 1.006502e-23 3
447 14.89000000 14.91500000 0 5 0.000000e+00 9.125469e-24 3
448 14.91500000 14.94000000 0 5 0.000000e+00 8.319587e-24 3
449 14.94000000 14.96500000 0 5 0.000000e+00 7.628964e-24 3
450 14.96500000 14.99000000 0 5 0.000000e+00 7.050232e-24 3
451 14.99000000 15.01500000 0 5 0.000000e+00 6.591888e-24 3
452 15.01500000 15.04000000 0 5 0.000000e+00 6.280668e-24 3
453 15.04000000 15.06500000 0 5 0.000000e+00 6.171936e-24 3
454 15.06500000 15.09000000 0 5 0.000000e+00 6.345003e-24 3
455 15.09000000 15.11500000 0 5 0.000000e+00 6.850033e-24 3
456 15.11500000 15.14000000 0 5 0.000000e+00 7.594486e-24 3
457 15.14000000 15.16500000 0 5 0.000000e+00 8.262354e-24 3
458 15.16500000 15.19000000 0 5 0.000000e+00 8.470220e-24 3
459 15.19000000 15.21500000 0 5 0.000000e+00 8.123579e-24 3
460 15.21500000 15.24000000 0 5 0.000000e+00 7.550312e-24 3
461 15.24000000 15.26500000 0 5 0.000000e+00 7.160512e-24 3
462 15.26500000 15.29000000 0 5 0.000000e+00 7.137940e-24 3
463 15.29000000 15.31500000 0 5 0.000000e+00 7.441517e-24 3
464 15.31500000 15.34000000 0 5 0.000000e+00 7.984591e-24 3
465 15.34000000 15.36500000 0 5 0.000000e+00 8.744958e-24 3
466 15.36500000 15.39000000 0 5 0.000000e+00 9.785537e-24 3
467 15.39000000 15.41500000 0 5 0.000000e+00 1.124501e-23 3
468 15.41500000 15.44000000 0 5 0.000000e+00 1.331518e-23 3
469 15.44000000 15.46500000 0 5 0.000000e+00 1.623079e-23 3
470 15.46500000 15.49000000 0 5 0.000000e+00 2.021782e-23 3
471 15.49000000 15.51500000 0 5 0.000000e+00 2.539258e-23 3
472 15.51500000 15.54000000 0 5 0.000000e+00 3.161448e-23 3
473 15.54000000 15.56500000 0 5 0.000000e+00 3.831251e-23 3
474 15.56500000 15.59000000 0 5 0.000000e+00 4.443907e-23 3
475 15.59000000 15.61500000 0 5 0.000000e+00 4.868767e-23 3
476 15.61500000 15.64000000 0 5 0.000000e+00 5.001943e-23 3
477 15.64000000 15.66500000 0 5 0.000000e+00 4.827536e-23 3
478 15.66500000 15.69000000 0 5 0.000000e+00 4.434289e-23 3
479 15.69000000 15.71500000 0 5 0.000000e+00 3.978728e-23 3
480 15.71500000 15.74000000 0 5 0.000000e+00 3.647941e-23 3
481 15.74000000 15.76500000 0 5 0.000000e+00 3.908307e-23 3
482 15.76500000 15.79000000 0 5 0.000000e+00 7.277106e-23 3
483 15.79000000 15.81500000 0 5 0.000000e+00 2.432852e-22 3
484 15.81500000 15.84000000 0 5 0.000000e+00 9.260910e-22 3
485 15.84000000 15.86500000 0 5 0.000000e+00 4.160144e-22 3
486 15.86500000 15.89000000 0 6 0.000000e+00 3.311790e-22 3
487 15.89000000 15.91500000 0 5 0.000000e+00 1.116081e-22 3
488 15.91500000 15.94000000 0 5 0.000000e+00 3.204572e-22 3
489 15.94000000 15.96500000 0 5 0.000000e+00 2.691866e-22 3
490 15.96500000 15.99000000 0 5 0.000000e+00 1.823319e-22 3
491 15.99000000 16.01500000 0 5 0.000000e+00 1.319350e-22 3
492 16.01500000 16.04000000 0 5 0.000000e+00 1.035363e-22 3
493 16.04000000 16.06500000 0 5 0.000000e+00 8.526168e-23 3
494 16.06500000 16.09000000 0 5 0.000000e+00 7.234195e-23 3
495 16.09000000 16.11500000 0 5 0.000000e+00 6.346649e-23 3
496 16.11500000 16.14000000 0 5 0.000000e+00 5.808616e-23 3
497 16.14000000 16.16500000 0 5 0.000000e+00 5.519439e-23 3
498 16.16500000 16.19000000 0 5 0.000000e+00 5.333378e-23 3
499 16.19000000 16.21500000 0 5 0.000000e+00 5.114954e-23 3
500 16.21500000 16.24000000 0 5 0.000000e+00 4.787510e-23 3
501 16.24000000 16.26500000 0 5 0.000000e+00 4.344245e-23 3
502 16.26500000 16.29000000 0 5 0.000000e+00 3.824924e-23 3
503 16.29000000 16.31500000 0 5 0.000000e+00 3.285747e-23 3
504 16.31500000 16.34000000 0 5 0.000000e+00 2.774991e-23 3
505 16.34000000 16.36500000 0 5 0.000000e+00 2.324267e-23 3
506 16.36500000 16.39000000 0 5 0.000000e+00 1.947332e-23 3
507 16.39000000 16.41500000 0 5 0.000000e+00 1.643510e-23 3
508 16.41500000 16.44000000 0 5 0.000000e+00 1.403533e-23 3
509 16.44000000 16.46500000 0 5 0.000000e+00 1.213347e-23 3
510 16.46500000 16.49000000 0 5 0.000000e+00 1.057982e-23 3
511 16.49000000 16.51500000 0 5 0.000000e+00 9.265827e-24 3
512 16.51500000 16.54000000 0 5 0.000000e+00 8.189825e-24 3
513 16.54000000 16.56500000 0 5 0.000000e+00 7.459396e-24 3
514 16.56500000 16.59000000 0 5 0.000000e+00 7.157490e-24 3
515 16.59000000 16.61500000 0 5 0.000000e+00 7.182267e-24 3
516 16.61500000 16.64000000 0 5 0.000000e+00 7.261936e-24 3
517 16.64000000 16.66500000 0 5 0.000000e+00 7.167158e-24 3
518 16.66500000 16.69000000 0 5 0.000000e+00 6.851052e-24 3
519 16.69000000 16.71500000 0 5 0.000000e+00 6.422813e-24 3
520 16.71500000 16.74000000 0 5 0.000000e+00 6.019802e-24 3
521 16.74000000 16.76500000 0 5 0.000000e+00 5.735625e-24 3
522 16.76500000 16.79000000 0 5 0.000000e+00 5.608923e-24 3
523 16.79000000 16.81500000 0 5 0.000000e+00 5.639051e-24 3
524 16.81500000 16.84000000 0 5 0.000000e+00 5.811907e-24 3
525 16.84000000 16.86500000 0 5 0.000000e+00 6.107276e-24 3
526 16.86500000 16.89000000 0 5 0.000000e+00 6.508454e-24 3
527 16.89000000 16.91500000 0 5 0.000000e+00 6.999752e-24 3
528 16.91500000 16.94000000 0 5 0.000000e+00 7.567376e-24 3
529 16.94000000 16.96500000 0 5 0.000000e+00 8.200052e-24 3
530 16.96500000 16.99000000 0 5 0.000000e+00 8.895819e-24 3
531 16.99000000 17.01500000 0 5 0.000000e+00 9.675935e-24 3
532 17.01500000 17.04000000 0 5 0.000000e+00 1.062349e-23 3
533 17.04000000 17.06500000 0 5 0.000000e+00 1.199462e-23 3
534 17.06500000 17.09000000 0 5 0.000000e+00 1.451948e-23 3
535 17.09000000 17.11500000 0 5 0.000000e+00 2.016747e-23 3
536 17.11500000 17.14000000 0 5 0.000000e+00 3.333106e-23 3
537 17.14000000 17.16500000 0 5 0.000000e+00 5.924544e-23 3
538 17.16500000 17.19000000 0 5 0.000000e+00 9.246511e-23 3
539 17.19000000 17.21500000 0 6 0.000000e+00 1.035252e-22 3
540 17.21500000 17.24000000 0 5 0.000000e+00 7.011104e-23 3
541 17.24000000 17.26500000 0 5 0.000000e+00 2.832750e-23 3
542 17.26500000 17.29000000 0 5 0.000000e+00 2.331534e-23 3
543 17.29000000 17.31500000 0 5 0.000000e+00 4.345555e-23 3
544 17.31500000 17.34000000 0 5 0.000000e+00 6.158839e-23 3
545 17.34000000 17.36500000 0 5 0.000000e+00 7.049132e-23 3
546 17.36500000 17.39000000 0 5 0.000000e+00 7.289380e-23 3
547 17.39000000 17.41500000 0 5 0.000000e+00 7.236948e-23 3
548 17.41500000 17.44000000 0 5 0.000000e+00 7.284286e-23 3
549 17.44000000 17.46500000 0 5 0.000000e+00 8.046535e-23 3
550 17.46500000 17.49000000 0 5 0.000000e+00 1.046429e-22 3
551 17.49000000 17.51500000 0 5 0.000000e+00 1.508884e-22 3
552 17.51500000 17.54000000 0 5 0.000000e+00 1.962593e-22 3
553 17.54000000 17.56500000 0 5 0.000000e+00 1.784437e-22 3
554 17.56500000 17.59000000 0 5 0.000000e+00 9.027335e-23 3
555 17.59000000 17.61500000 0 5 0.000000e+00 3.590663e-23 3
556 17.61500000 17.64000000 0 5 0.000000e+00 5.067394e-23 3
557 17.64000000 17.66500000 0 5 0.000000e+00 7.175701e-23 3
558 17.66500000 17.69000000 0 5 0.000000e+00 7.311976e-23 3
559 17.69000000 17.71500000 0 5 0.000000e+00 6.445994e-23 3
560 17.71500000 17.74000000 0 5 0.000000e+00 5.431569e-23 3
561 17.74000000 17.76500000 0 5 0.000000e+00 4.553651e-23 3
562 17.76500000 17.79000000 0 5 0.000000e+00 3.850486e-23 3
563 17.79000000 17.81500000 0 5 0.000000e+00 3.291490e-23 3
564 17.81500000 17.84000000 0 5 0.000000e+00 2.836138e-23 3
565 17.84000000 17.86500000 0 5 0.000000e+00 2.451259e-23 3
566 17.86500000 17.89000000 0 5 0.000000e+00 2.114869e-23 3
567 17.89000000 17.91500000 0 5 0.000000e+00 1.814461e-23 3
568 17.91500000 17.94000000 0 5 0.000000e+00 1.545376e-23 3
569 17.94000000 17.96500000 0 5 0.000000e+00 1.306801e-23 3
570 17.96500000 17.99000000 0 5 0.000000e+00 1.100113e-23 3
571 17.99000000 18.01500000 0 5 0.000000e+00 9.262530e-24 3
572 18.01500000 18.04000000 0 5 0.000000e+00 7.855866e-24 3
573 18.04000000 18.06500000 0 5 0.000000e+00 6.765095e-24 3
574 18.06500000 18.09000000 0 5 0.000000e+00 5.965036e-24 3
575 18.09000000 18.11500000 0 5 0.000000e+00 5.415103e-24 3
576 18.11500000 18.14000000 0 5 0.000000e+00 5.069454e-24 3
577 18.14000000 18.16500000 0 5 0.000000e+00 4.879997e-24 3
578 18.16500000 18.19000000 0 5 0.000000e+00 4.798380e-24 3
579 18.19000000 18.21500000 0 5 0.000000e+00 4.783023e-24 3
580 18.21500000 18.24000000 0 5 0.000000e+00 4.795750e-24 3
581 18.24000000 18.26500000 0 5 0.000000e+00 4.808695e-24 3
582 18.26500000 18.29000000 0 5 0.000000e+00 4.799938e-24 3
583 18.29000000 18.31500000 0 5 0.000000e+00 4.760576e-24 3
584 18.31500000 18.34000000 0 5 0.000000e+00 4.693571e-24 3
585 18.34000000 18.36500000 0 5 0.000000e+00 4.612754e-24 3
586 18.36500000 18.39000000 0 5 0.000000e+00 4.541260e-24 3
587 18.39000000 18.41500000 0 5 0.000000e+00 4.510429e-24 3
588 18.41500000 18.44000000 0 5 0.000000e+00 4.555521e-24 3
589 18.44000000 18.46500000 0 5 0.000000e+00 4.716115e-24 3
590 18.46500000 18.49000000 0 5 0.000000e+00 5.040165e-24 3
591 18.49000000 18.51500000 0 5 0.000000e+00 5.589438e-24 3
592 18.51500000 18.54000000 0 5 0.000000e+00 6.450077e-24 3
593 18.54000000 18.56500000 0 5 0.000000e+00 7.750071e-24 3
594 18.56500000 18.59000000 0 5 0.000000e+00 9.660667e-24 3
595 18.59000000 18.61500000 0 5 0.000000e+00 1.240444e-23 3
596 18.61500000 18.64000000 0 5 0.000000e+00 1.623791e-23 3
597 18.64000000 18.66500000 0 5 0.000000e+00 2.134541e-23 3
598 18.66500000 18.69000000 0 5 0.000000e+00 2.774374e-23 3
599 18.69000000 18.71500000 0 5 0.000000e+00 3.506675e-23 3
600 18.71500000 18.74000000 0 5 0.000000e+00 4.243549e-23 3
601 18.74000000 18.76500000 0 5 0.000000e+00 4.852678e-23 3
602 18.76500000 18.79000000 0 5 0.000000e+00 5.195005e-23 3
603 18.79000000 18.81500000 0 5 0.000000e+00 5.193303e-23 3
604 18.81500000 18.84000000 0 5 0.000000e+00 4.892143e-23 3
605 18.84000000 18.86500000 0 5 0.000000e+00 4.457088e-23 3
606 18.86500000 18.89000000 0 5 0.000000e+00 4.081249e-23 3
607 18.89000000 18.91500000 0 5 0.000000e+00 3.870145e-23 3
608 18.91500000 18.94000000 0 5 0.000000e+00 3.846028e-23 3
609 18.94000000 18.96500000 0 5 0.000000e+00 4.302386e-23 3
610 18.96500000 18.99000000 0 5 0.000000e+00 8.294589e-23 3
611 18.99000000 19.01500000 0 6 0.000000e+00 4.053854e-22 3
612 19.01500000 19.04000000 0 6 0.000000e+00 4.725090e-22 3
613 19.04000000 19.06500000 0 6 0.000000e+00 2.551479e-21 3
614 19.06500000 19.09000000 0 6 0.000000e+00 3.373574e-22 3
615 19.09000000 19.11500000 0 5 0.000000e+00 2.253171e-22 3
616 19.11500000 19.14000000 0 5 0.000000e+00 4.365362e-22 3
617 19.14000000 19.16500000 0 5 0.000000e+00 2.862766e-22 3
618 19.16500000 19.19000000 0 5 0.000000e+00 1.783751e-22 3
619 19.19000000 19.21500000 0 5 0.000000e+00 1.278739e-22 3
620 19.21500000 19.24000000 0 5 0.000000e+00 1.029502e-22 3
621 19.24000000 19.26500000 0 5 0.000000e+00 8.741432e-23 3
622 19.26500000 19.29000000 0 5 0.000000e+00 7.507947e-23 3
623 19.29000000 19.31500000 0 5 0.000000e+00 6.484417e-23 3
624 19.31500000 19.34000000 0 5 0.000000e+00 5.739115e-23 3
625 19.34000000 19.36500000 0 5 0.000000e+00 5.313869e-23 3
626 19.36500000 19.39000000 0 5 0.000000e+00 5.142624e-23 3
627 19.39000000 19.41500000 0 5 0.000000e+00 5.079471e-23 3
628 19.41500000 19.44000000 0 5 0.000000e+00 4.974895e-23 3
629 19.44000000 19.46500000 0 5 0.000000e+00 4.736668e-23 3
630 19.46500000 19.49000000 0 5 0.000000e+00 4.346698e-23 3
631 19.49000000 19.51500000 0 5 0.000000e+00 3.842353e-23 3
632 19.51500000 19.54000000 0 5 0.000000e+00 3.285694e-23 3
633 19.54000000 19.56500000 0 5 0.000000e+00 2.735594e-23 3
634 19.56500000 19.59000000 0 5 0.000000e+00 2.232723e-23 3
635 19.59000000 19.61500000 0 5 0.000000e+00 1.800624e-23 3
636 19.61500000 19.64000000 0 5 0.000000e+00 1.445368e-23 3
637 19.64000000 19.66500000 0 5 0.000000e+00 1.162799e-23 3
638 19.66500000 19.69000000 0 5 0.000000e+00 9.451628e-24 3
639 19.69000000 19.71500000 0 5 0.000000e+00 7.815858e-24 3
640 19.71500000 19.74000000 0 5 0.000000e+00 6.624992e-24 3
641 19.74000000 19.76500000 0 5 0.000000e+00 5.790041e-24 3
642 19.76500000 19.79000000 0 5 0.000000e+00 5.235422e-24 3
643 19.79000000 19.81500000 0 5 0.000000e+00 4.895960e-24 3
644 19.81500000 19.84000000 0 5 0.000000e+00 4.714179e-24 3
645 19.84000000 19.86500000 0 5 0.000000e+00 4.640545e-24 3
646 19.86500000 19.89000000 0 5 0.000000e+00 4.631156e-24 3
647 19.89000000 19.91500000 0 5 0.000000e+00 4.649145e-24 3
648 19.91500000 19.94000000 0 5 0.000000e+00 4.668942e-24 3
649 19.94000000 19.96500000 0 5 0.000000e+00 4.673770e-24 3
650 19.96500000 19.99000000 0 5 0.000000e+00 4.660204e-24 3
651 19.99000000 20.00000000 0 5 0.000000e+00 4.507045e-24 3
