Name: Double Pendulum Fourier PINN
Using device: cpu
Thread: 4
Data_total: 5001
Active Fourier modes: 319
Fourier period factor: 2
Maximum angular frequency: 20.0
data_stop: 300
data_step: 30
m1: 1.0
m2: 1.0
l1: 1.0
l2: 1.0
g: 10.0
Learning rate network: 0.0001
Learning rate spectrum: 0.0002
Lambda data: 1000.0
Lambda physics: 1000.0
Lambda initial: 500.0
Lambda energy: 1.0
Warmup epochs: 0
Physics ramp epochs: 1
Epoch: 50000
Loss: 4.917482e-01
R2 theta1: -1.071359
R2 theta2: -0.973126
R2 mean: -1.022243
R2 theta1 extrapolation: -1.222559
R2 theta2 extrapolation: -1.101015
R2 extrapolation mean: -1.161787
Runtime: 00:04:13
